// Jest Snapshot v1, https://goo.gl/fbAQLP

exports[`Success create notification 1`] = `null`;
